Γû▓ Next.js 16.2.1 (Turbopack)
- Environments: .env.local

npx : ΓÜá The "middleware" 
file convention is 
deprecated. Please use 
"proxy" instead. Learn 
more: https://nextjs.org/do
cs/messages/middleware-to-p
roxy
At line:1 char:14
+ cd apps/web; npx next 
build 2>&1 > 
../../build_output.txt; 
echo "EXIT ...
+              ~~~~~~~~~~~~
~~~~~~~~~~~~~~~~~~~~~~~~~~~
~~~~~
    + CategoryInfo         
     : NotSpecified: (ΓÜá  
   The "middle...leware-   
 to-proxy:String) [], R    
emoteException
    + FullyQualifiedErrorI 
   d : NativeCommandError
 
  Creating an optimized production build ...
Γ£ô Compiled successfully in 5.4s
  Running TypeScript ...
  Finished TypeScript in 11.5s ...
  Collecting page data using 23 workers ...
  Generating static pages using 23 workers (0/31) ...
  Generating static pages using 23 workers (7/31) 
  Generating static pages using 23 workers (15/31) 
  Generating static pages using 23 workers (23/31) 
Γ£ô Generating static pages using 23 workers (31/31) in 385ms
  Finalizing page optimization ...

Route (app)
Γöî ╞Æ /
Γö£ ╞Æ /_not-found
Γö£ ╞Æ /api/billing/webhook
Γö£ ╞Æ /api/briefing/generate
Γö£ ╞Æ /api/forecast/refresh
Γö£ ╞Æ /api/invite/foreman
Γö£ ╞Æ /api/invite/redeem
Γö£ ╞Æ /api/legal/track/[uuid]
Γö£ ╞Æ /api/legal/verify
Γö£ ╞Æ /api/push/send
Γö£ ╞Æ /billing/payment-required
Γö£ ╞Æ /billing/success
Γö£ ╞Æ /dashboard
Γö£ ╞Æ /dashboard-sub
Γö£ ╞Æ /dashboard/billing
Γö£ ╞Æ /dashboard/corrective-actions
Γö£ ╞Æ /dashboard/delays
Γö£ ╞Æ /dashboard/forecast
Γö£ ╞Æ /dashboard/legal
Γö£ ╞Æ /dashboard/readyboard
Γö£ ╞Æ /dashboard/schedule
Γö£ ╞Æ /dashboard/settings
Γö£ ╞Æ /dashboard/team
Γö£ ╞Æ /dashboard/verifications
Γö£ ╞Æ /forgot-password
Γö£ ╞Æ /join/[token]
Γö£ ╞Æ /login
Γö£ ╞Æ /onboarding
Γö£ ╞Æ /privacy
Γö£ ╞Æ /signup
Γö£ ╞Æ /signup/sub
Γöö ╞Æ /terms


╞Æ Proxy (Middleware)

╞Æ  (Dynamic)  server-rendered on demand

